// Jest Snapshot v1, https://goo.gl/fbAQLP

exports[`Test App component should not return an error 1`] = `ShallowWrapper {}`;
